../Core/Src/main.c:86:5:main	64	static
../Core/Src/main.c:285:6:SystemClock_Config	96	static
../Core/Src/main.c:340:13:MX_ADC1_Init	32	static
../Core/Src/main.c:398:13:MX_TIM6_Init	24	static
../Core/Src/main.c:436:13:MX_USART1_UART_Init	8	static
../Core/Src/main.c:471:13:MX_USART2_UART_Init	8	static
../Core/Src/main.c:504:13:MX_DMA_Init	16	static
../Core/Src/main.c:522:13:MX_GPIO_Init	40	static
../Core/Src/main.c:549:5:__io_putchar	16	static
../Core/Src/main.c:554:6:HAL_ADC_ConvHalfCpltCallback	16	static
../Core/Src/main.c:566:6:HAL_ADC_ConvCpltCallback	16	static
../Core/Src/main.c:585:6:Error_Handler	4	static,ignoring_inline_asm
